// Jest Snapshot v1, https://goo.gl/fbAQLP

exports[`GlowV3Factory #createPool gas 1`] = `4673407`;

exports[`GlowV3Factory factory bytecode size 1`] = `5151`;

exports[`GlowV3Factory pool bytecode size 1`] = `22676`;
